// Jest Snapshot v1, https://goo.gl/fbAQLP

exports[`With Snapshot Testing About page gets correct data 1`] = `
Object {
  "completed": false,
  "id": 1,
  "title": "delectus aut autem",
  "userId": 1,
}
`;

exports[`With Snapshot Testing About page shows "About" H1 1`] = `
.c1 {
  color: deeppink;
}

.c0 {
  color: 'deeppink';
}

<div>
  <nav>
    <a
      class="c0"
      href="/"
    >
      Home
    </a>
     | 
    <a
      class="c0"
      href="/about"
    >
      About
    </a>
     | 
    <a
      class="c0"
      href="/contact"
    >
      Contact
    </a>
     | 
    <a
      class="c0"
      href="/login"
    >
      Login
    </a>
  </nav>
  <h1
    class="c1"
  >
    About
  </h1>
  <p />
</div>
`;
