// Jest Snapshot v1, https://goo.gl/fbAQLP

exports[`With Snapshot Testing FilterBlock displays items 1`] = `
<DocumentFragment>
  .c0 {
  width: 170px;
  padding: 10px;
}

.c1 {
  color: black;
  font-size: 11px;
  -webkit-text-decoration: none;
  text-decoration: none;
  display: block;
  padding-left: 15px;
  text-indent: -15px;
  margin-bottom: 5px;
}

.c3 {
  width: 13px;
  height: 13px;
  padding: 0;
  margin: 0;
  vertical-align: bottom;
  position: relative;
  top: -1px;
  *overflow: hidden;
  cursor: pointer;
}

.c2 {
  cursor: pointer;
}

<div
    class="c0"
  >
    <h2>
      Designer
    </h2>
    <a
      class="c1"
      href="#"
    >
      <label
        class="c2"
      >
        <input
          class="c3"
          readonly=""
          type="checkbox"
        />
         1017 ALYX 9SM
      </label>
    </a>
    <a
      class="c1"
      href="#"
    >
      <label
        class="c2"
      >
        <input
          class="c3"
          readonly=""
          type="checkbox"
        />
         2XU
      </label>
    </a>
    <a
      class="c1"
      href="#"
    >
      <label
        class="c2"
      >
        <input
          class="c3"
          readonly=""
          type="checkbox"
        />
         And Wander
      </label>
    </a>
    <a
      class="c1"
      href="#"
    >
      <label
        class="c2"
      >
        <input
          class="c3"
          readonly=""
          type="checkbox"
        />
         Aztech Mountain
      </label>
    </a>
    <a
      class="c1"
      href="#"
    >
      <label
        class="c2"
      >
        <input
          class="c3"
          readonly=""
          type="checkbox"
        />
         Blackbarrett by Neil Barrett
      </label>
    </a>
    <a
      class="c1"
      href="#"
    >
      <label
        class="c2"
      >
        <input
          class="c3"
          readonly=""
          type="checkbox"
        />
         Café Du Cycliste
      </label>
    </a>
    <a
      class="c1"
      href="#"
    >
      <label
        class="c2"
      >
        <input
          class="c3"
          readonly=""
          type="checkbox"
        />
         Castore
      </label>
    </a>
    <a
      class="c1"
      href="#"
    >
      <label
        class="c2"
      >
        <input
          class="c3"
          readonly=""
          type="checkbox"
        />
         Falke
      </label>
    </a>
    <a
      class="c1"
      href="#"
    >
      <label
        class="c2"
      >
        <input
          class="c3"
          readonly=""
          type="checkbox"
        />
         Fendi
      </label>
    </a>
    <a
      class="c1"
      href="#"
    >
      <label
        class="c2"
      >
        <input
          class="c3"
          readonly=""
          type="checkbox"
        />
         Helly Hansen
      </label>
    </a>
    <a
      class="c1"
      href="#"
    >
      <label
        class="c2"
      >
        <input
          class="c3"
          readonly=""
          type="checkbox"
        />
         Iffley Road
      </label>
    </a>
    <a
      class="c1"
      href="#"
    >
      <label
        class="c2"
      >
        <input
          class="c3"
          readonly=""
          type="checkbox"
        />
         LNDR
      </label>
    </a>
    <a
      class="c1"
      href="#"
    >
      <label
        class="c2"
      >
        <input
          class="c3"
          readonly=""
          type="checkbox"
        />
         Mammut Delta X
      </label>
    </a>
    <a
      class="c1"
      href="#"
    >
      <label
        class="c2"
      >
        <input
          class="c3"
          readonly=""
          type="checkbox"
        />
         Moncler
      </label>
    </a>
    <a
      class="c1"
      href="#"
    >
      <label
        class="c2"
      >
        <input
          class="c3"
          readonly=""
          type="checkbox"
        />
         Moncler Genius
      </label>
    </a>
    <a
      class="c1"
      href="#"
    >
      <label
        class="c2"
      >
        <input
          class="c3"
          readonly=""
          type="checkbox"
        />
         Moncler Grenoble
      </label>
    </a>
    <a
      class="c1"
      href="#"
    >
      <label
        class="c2"
      >
        <input
          class="c3"
          readonly=""
          type="checkbox"
        />
         Nemen
      </label>
    </a>
    <a
      class="c1"
      href="#"
    >
      <label
        class="c2"
      >
        <input
          class="c3"
          readonly=""
          type="checkbox"
        />
         Peak Performance
      </label>
    </a>
    <a
      class="c1"
      href="#"
    >
      <label
        class="c2"
      >
        <input
          class="c3"
          readonly=""
          type="checkbox"
        />
         Perfect Moment
      </label>
    </a>
    <a
      class="c1"
      href="#"
    >
      <label
        class="c2"
      >
        <input
          class="c3"
          readonly=""
          type="checkbox"
        />
         Salomon
      </label>
    </a>
    <a
      class="c1"
      href="#"
    >
      <label
        class="c2"
      >
        <input
          class="c3"
          readonly=""
          type="checkbox"
        />
         Satisfy
      </label>
    </a>
    <a
      class="c1"
      href="#"
    >
      <label
        class="c2"
      >
        <input
          class="c3"
          readonly=""
          type="checkbox"
        />
         The Upside
      </label>
    </a>
    <a
      class="c1"
      href="#"
    >
      <label
        class="c2"
      >
        <input
          class="c3"
          readonly=""
          type="checkbox"
        />
         Tilak
      </label>
    </a>
  </div>
</DocumentFragment>
`;
