// Jest Snapshot v1, https://goo.gl/fbAQLP

exports[`With Snapshot Testing FilterBlock displays items 1`] = `
.c0 {
  width: 170px;
  padding: 10px;
}

.c1 {
  padding: 0;
  margin: 0;
}

.c2 {
  list-style: none;
  padding-left: 0;
  margin-left: 0;
}

.c3 {
  color: black;
  font-size: 11px;
  -webkit-text-decoration: none;
  text-decoration: none;
}

<div
  class="c0"
>
  <h2>
    Designer
  </h2>
  <ul
    class="c1"
  >
    <li
      class="c2"
    >
      <a
        class="c3"
        href="#"
      >
        <input
          readonly=""
          type="checkbox"
        />
         1017 ALYX 9SM
      </a>
    </li>
    <li
      class="c2"
    >
      <a
        class="c3"
        href="#"
      >
        <input
          readonly=""
          type="checkbox"
        />
         2XU
      </a>
    </li>
    <li
      class="c2"
    >
      <a
        class="c3"
        href="#"
      >
        <input
          readonly=""
          type="checkbox"
        />
         And Wander
      </a>
    </li>
    <li
      class="c2"
    >
      <a
        class="c3"
        href="#"
      >
        <input
          readonly=""
          type="checkbox"
        />
         Aztech Mountain
      </a>
    </li>
    <li
      class="c2"
    >
      <a
        class="c3"
        href="#"
      >
        <input
          readonly=""
          type="checkbox"
        />
         Blackbarrett by Neil Barrett
      </a>
    </li>
    <li
      class="c2"
    >
      <a
        class="c3"
        href="#"
      >
        <input
          readonly=""
          type="checkbox"
        />
         Café Du Cycliste
      </a>
    </li>
    <li
      class="c2"
    >
      <a
        class="c3"
        href="#"
      >
        <input
          readonly=""
          type="checkbox"
        />
         Castore
      </a>
    </li>
    <li
      class="c2"
    >
      <a
        class="c3"
        href="#"
      >
        <input
          readonly=""
          type="checkbox"
        />
         Falke
      </a>
    </li>
    <li
      class="c2"
    >
      <a
        class="c3"
        href="#"
      >
        <input
          readonly=""
          type="checkbox"
        />
         Fendi
      </a>
    </li>
    <li
      class="c2"
    >
      <a
        class="c3"
        href="#"
      >
        <input
          readonly=""
          type="checkbox"
        />
         Helly Hansen
      </a>
    </li>
    <li
      class="c2"
    >
      <a
        class="c3"
        href="#"
      >
        <input
          readonly=""
          type="checkbox"
        />
         Iffley Road
      </a>
    </li>
    <li
      class="c2"
    >
      <a
        class="c3"
        href="#"
      >
        <input
          readonly=""
          type="checkbox"
        />
         LNDR
      </a>
    </li>
    <li
      class="c2"
    >
      <a
        class="c3"
        href="#"
      >
        <input
          readonly=""
          type="checkbox"
        />
         Mammut Delta X
      </a>
    </li>
    <li
      class="c2"
    >
      <a
        class="c3"
        href="#"
      >
        <input
          readonly=""
          type="checkbox"
        />
         Moncler
      </a>
    </li>
    <li
      class="c2"
    >
      <a
        class="c3"
        href="#"
      >
        <input
          readonly=""
          type="checkbox"
        />
         Moncler Genius
      </a>
    </li>
    <li
      class="c2"
    >
      <a
        class="c3"
        href="#"
      >
        <input
          readonly=""
          type="checkbox"
        />
         Moncler Grenoble
      </a>
    </li>
    <li
      class="c2"
    >
      <a
        class="c3"
        href="#"
      >
        <input
          readonly=""
          type="checkbox"
        />
         Nemen
      </a>
    </li>
    <li
      class="c2"
    >
      <a
        class="c3"
        href="#"
      >
        <input
          readonly=""
          type="checkbox"
        />
         Peak Performance
      </a>
    </li>
    <li
      class="c2"
    >
      <a
        class="c3"
        href="#"
      >
        <input
          readonly=""
          type="checkbox"
        />
         Perfect Moment
      </a>
    </li>
    <li
      class="c2"
    >
      <a
        class="c3"
        href="#"
      >
        <input
          readonly=""
          type="checkbox"
        />
         Salomon
      </a>
    </li>
    <li
      class="c2"
    >
      <a
        class="c3"
        href="#"
      >
        <input
          readonly=""
          type="checkbox"
        />
         Satisfy
      </a>
    </li>
    <li
      class="c2"
    >
      <a
        class="c3"
        href="#"
      >
        <input
          readonly=""
          type="checkbox"
        />
         The Upside
      </a>
    </li>
    <li
      class="c2"
    >
      <a
        class="c3"
        href="#"
      >
        <input
          readonly=""
          type="checkbox"
        />
         Tilak
      </a>
    </li>
  </ul>
</div>
`;
