// Jest Snapshot v1, https://goo.gl/fbAQLP

exports[`With Snapshot Testing H1 shows "mf.swhurl.com" 1`] = `
<DocumentFragment>
  .c0 {
  width: 100%;
  text-align: center;
  text-transform: capitalize;
  margin-bottom: 0px;
  background-color: #eee;
}

<h2
    class="c0"
  >
    test
  </h2>
</DocumentFragment>
`;
