// Jest Snapshot v1, https://goo.gl/fbAQLP

exports[`With Snapshot Testing Nav has 3 sections 1`] = `
<nav>
  <a
    class="sc-bdVaJa kPUKaM"
    href="/"
  >
    Home
  </a>
   | 
  <a
    class="sc-bdVaJa kPUKaM"
    href="/about"
  >
    About
  </a>
   | 
  <a
    class="sc-bdVaJa kPUKaM"
    href="/contact"
  >
    Contact
  </a>
</nav>
`;
