// Jest Snapshot v1, https://goo.gl/fbAQLP

exports[`With Snapshot Testing NavLink shows "About" with href "/about" 1`] = `
<DocumentFragment>
  .c0 {
  color: black;
  padding-right: 5px;
}

.c0:hover {
  color: #F00;
}

.c0:visited {
  color: black;
}

<a
    class="c0"
    href="/about"
  />
</DocumentFragment>
`;
